Claude Nights Watch Test
========================
Execution Time: 2025-07-27 20:48:58 UTC
Status: Task executed successfully

This file was created autonomously by Claude Nights Watch.